=== Building AI test image ===
 Image paperless-ai-ai Building 
 Image paperless-ai-webhook-listener Building 
#1 [internal] load local bake definitions
#1 reading from stdin 981B done
#1 DONE 0.0s

#2 [ai internal] load build definition from Dockerfile
#2 transferring dockerfile: 1.54kB done
#2 DONE 0.0s

#3 [webhook-listener internal] load metadata for docker.io/library/python:3.12-slim
#3 DONE 0.6s

#4 [webhook-listener internal] load metadata for ghcr.io/astral-sh/uv:latest
#4 DONE 0.5s

#5 [webhook-listener internal] load .dockerignore
#5 transferring context: 2B done
#5 DONE 0.0s

#6 [webhook-listener] FROM ghcr.io/astral-sh/uv:latest@sha256:90bbb3c16635e9627f49eec6539f956d70746c409209041800a0280b93152823
#6 DONE 0.0s

#7 [webhook-listener stage-0 1/9] FROM docker.io/library/python:3.12-slim@sha256:96751d98429f3bfe1c1b7d7e8d202694a0f59838f00fc8f89cbac023b045873d
#7 DONE 0.0s

#8 [ai internal] load build context
#8 transferring context: 77.41kB 0.1s done
#8 DONE 0.1s

#9 [ai stage-0 3/9] WORKDIR /app
#9 CACHED

#10 [ai stage-0 4/9] COPY pyproject.toml ./
#10 CACHED

#11 [ai stage-0 2/9] COPY --from=ghcr.io/astral-sh/uv:latest /uv /uvx /bin/
#11 CACHED

#12 [ai stage-0 5/9] RUN mkdir src && uv pip install --system .
#12 CACHED

#13 [ai stage-0 6/9] COPY cli.py .
#13 CACHED

#14 [webhook-listener stage-0 7/9] COPY src/ src/
#14 DONE 0.1s

#15 [ai stage-0 8/9] COPY tests/ tests/
#15 DONE 0.1s

#16 [ai stage-0 9/9] RUN uv pip install --system --no-deps .
#16 0.686 Using Python 3.12.13 environment at: /usr/local
#16 0.722 Resolved 1 package in 10ms
#16 0.738    Building paperless-ai @ file:///app
#16 3.885       Built paperless-ai @ file:///app
#16 3.890 Prepared 1 package in 3.16s
#16 3.896 Uninstalled 1 package in 6ms
#16 3.898 Installed 1 package in 1ms
#16 3.898  ~ paperless-ai==0.1.0 (from file:///app)
#16 DONE 4.0s

#17 [ai] exporting to image
#17 exporting layers
#17 exporting layers 0.2s done
#17 writing image sha256:2e840cdf14c0072db50ff0114f289c20bdd0071c2828ef4bdc83a27ec204759a done
#17 naming to docker.io/library/paperless-ai-ai 0.0s done
#17 DONE 0.3s

#18 [webhook-listener] exporting to image
#18 exporting layers 0.2s done
#18 writing image sha256:0eb195aaf2777ef839cb32b32e327139a927ca890eb4e7ca46a2de1562d1b0af 0.0s done
#18 naming to docker.io/library/paperless-ai-webhook-listener 0.0s done
#18 DONE 0.3s

#19 [ai] resolving provenance for metadata file
#19 DONE 0.0s

#20 [webhook-listener] resolving provenance for metadata file
#20 DONE 0.0s
 Image paperless-ai-ai Built 
 Image paperless-ai-webhook-listener Built 

=== Starting test infrastructure ===
 Network paperless-ai_internal Creating 
 Network paperless-ai_internal Created 
 Container paperless-ai-gotenberg-1 Creating 
 Container paperless-ai-broker-1 Creating 
 Container paperless-ai-qdrant-1 Creating 
 Container paperless-ai-tika-1 Creating 
 Container paperless-ai-db-1 Creating 
 Container paperless-ai-broker-1 Created 
 Container paperless-ai-gotenberg-1 Created 
 Container paperless-ai-tika-1 Created 
 Container paperless-ai-db-1 Created 
 Container paperless-ai-qdrant-1 Created 
 Container paperless-ai-webserver-1 Creating 
 Container paperless-ai-webhook-listener-1 Creating 
 Container paperless-ai-webhook-listener-1 Created 
 Container paperless-ai-webserver-1 Created 
 Container paperless-ai-db-1 Starting 
 Container paperless-ai-qdrant-1 Starting 
 Container paperless-ai-tika-1 Starting 
 Container paperless-ai-broker-1 Starting 
 Container paperless-ai-gotenberg-1 Starting 
 Container paperless-ai-db-1 Started 
 Container paperless-ai-gotenberg-1 Started 
 Container paperless-ai-tika-1 Started 
 Container paperless-ai-qdrant-1 Started 
 Container paperless-ai-broker-1 Started 
 Container paperless-ai-db-1 Waiting 
 Container paperless-ai-broker-1 Waiting 
 Container paperless-ai-broker-1 Waiting 
 Container paperless-ai-qdrant-1 Waiting 
 Container paperless-ai-qdrant-1 Healthy 
 Container paperless-ai-db-1 Healthy 
 Container paperless-ai-broker-1 Healthy 
 Container paperless-ai-webhook-listener-1 Starting 
 Container paperless-ai-broker-1 Healthy 
 Container paperless-ai-webserver-1 Starting 
 Container paperless-ai-webserver-1 Started 
 Container paperless-ai-webhook-listener-1 Started 

=== Waiting for Paperless webserver to become healthy ===
  status=starting, elapsed=0s...
  status=starting, elapsed=5s...
  status=starting, elapsed=10s...
  status=starting, elapsed=15s...
  status=starting, elapsed=20s...
  status=starting, elapsed=25s...
  status=starting, elapsed=30s...
  status=starting, elapsed=35s...
  status=starting, elapsed=40s...
  status=starting, elapsed=45s...
  status=starting, elapsed=50s...
  status=starting, elapsed=55s...
  status=starting, elapsed=60s...
  status=starting, elapsed=65s...
  status=starting, elapsed=70s...
  status=starting, elapsed=75s...
  status=starting, elapsed=80s...
  status=starting, elapsed=85s...
  status=starting, elapsed=90s...
  status=starting, elapsed=95s...
  status=starting, elapsed=100s...
  status=starting, elapsed=105s...
  status=starting, elapsed=110s...
  status=starting, elapsed=115s...
Webserver is healthy!

=== Running pytest ===
 Container paperless-ai-db-1 Running 
 Container paperless-ai-qdrant-1 Running 
 Container paperless-ai-tika-1 Running 
 Container paperless-ai-gotenberg-1 Running 
 Container paperless-ai-broker-1 Running 
 Container paperless-ai-webhook-listener-1 Running 
 Container paperless-ai-webserver-1 Running 
 Container paperless-ai-broker-1 Waiting 
 Container paperless-ai-db-1 Waiting 
 Container paperless-ai-broker-1 Waiting 
 Container paperless-ai-qdrant-1 Waiting 
 Container paperless-ai-broker-1 Healthy 
 Container paperless-ai-db-1 Healthy 
 Container paperless-ai-qdrant-1 Healthy 
 Container paperless-ai-broker-1 Healthy 
 Container paperless-ai-qdrant-1 Waiting 
 Container paperless-ai-webhook-listener-1 Waiting 
 Container paperless-ai-webserver-1 Waiting 
 Container paperless-ai-webhook-listener-1 Healthy 
 Container paperless-ai-qdrant-1 Healthy 
 Container paperless-ai-webserver-1 Healthy 
 Container paperless-ai-ai-run-4d41ae854d1b Creating 
 Container paperless-ai-ai-run-4d41ae854d1b Created 
Using Python 3.12.13 environment at: /usr/local
Resolved 158 packages in 366ms
   Building paperless-ai @ file:///app
      Built paperless-ai @ file:///app
Prepared 5 packages in 1.71s
Uninstalled 1 package in 24ms
Installed 5 packages in 6ms
 + iniconfig==2.3.0
 ~ paperless-ai==0.1.0 (from file:///app)
 + pluggy==1.6.0
 + pytest==9.0.2
 + pytest-asyncio==1.3.0
============================= test session starts ==============================
platform linux -- Python 3.12.13, pytest-9.0.2, pluggy-1.6.0 -- /usr/local/bin/python
cachedir: .pytest_cache
rootdir: /app
configfile: pyproject.toml
plugins: asyncio-1.3.0, anyio-4.13.0, langsmith-0.7.26
asyncio: mode=Mode.AUTO, debug=False, asyncio_default_fixture_loop_scope=None, asyncio_default_test_loop_scope=function
collecting ... collected 187 items

tests/test_chunker.py::TestChunkerBasic::test_empty_string PASSED        [  0%]
tests/test_chunker.py::TestChunkerBasic::test_whitespace_only PASSED     [  1%]
tests/test_chunker.py::TestChunkerBasic::test_single_chunk_short_text PASSED [  1%]
tests/test_chunker.py::TestChunkerBasic::test_single_chunk_exact_size PASSED [  2%]
tests/test_chunker.py::TestChunkerBasic::test_exact_multiple_chunks PASSED [  2%]
tests/test_chunker.py::TestChunkerOverlap::test_overlap_two_chunks PASSED [  3%]
tests/test_chunker.py::TestChunkerOverlap::test_no_overlap PASSED        [  3%]
tests/test_chunker.py::TestChunkerOverlap::test_small_overlap PASSED     [  4%]
tests/test_chunker.py::TestChunkerEdgeCases::test_overlap_larger_than_max_chars PASSED [  4%]
tests/test_chunker.py::TestChunkerEdgeCases::test_overlap_equal_to_max_chars PASSED [  5%]
tests/test_chunker.py::TestChunkerEdgeCases::test_single_character_chunks PASSED [  5%]
tests/test_chunker.py::TestChunkerEdgeCases::test_very_long_text PASSED  [  6%]
tests/test_chunker.py::TestChunkerEdgeCases::test_real_world_ocr_text PASSED [  6%]
tests/test_chunker.py::TestChunkerBoundaries::test_chunk_size_boundary PASSED [  7%]
tests/test_chunker.py::TestChunkerBoundaries::test_last_chunk_preserved PASSED [  8%]
tests/test_chunker.py::TestChunkerBoundaries::test_start_calculation_no_negative PASSED [  8%]
tests/test_chunker.py::TestChunkerReconstructability::test_content_preservation PASSED [  9%]
tests/test_chunker.py::TestChunkerReconstructability::test_word_boundaries_soft PASSED [  9%]
tests/test_cli_connectivity.py::test_cli_paperless_connectivity_check_without_invalid_params PASSED [ 10%]
tests/test_cli_connectivity.py::test_cli_connectivity_check_verifies_version_header PASSED [ 10%]
tests/test_cli_connectivity.py::test_cli_connectivity_check_handles_api_errors PASSED [ 11%]
tests/test_embed_hooks.py::test_tier1_header_contains_all_fields PASSED  [ 11%]
tests/test_embed_hooks.py::test_tier1_summary_omitted_when_none PASSED   [ 12%]
tests/test_embed_hooks.py::test_tier1_unknown_fallback_for_none_fields PASSED [ 12%]
tests/test_embed_hooks.py::test_tier1_multiple_chunks_all_get_header PASSED [ 13%]
tests/test_embed_hooks.py::test_tier1_preserves_chunk_content_verbatim PASSED [ 13%]
tests/test_embed_hooks.py::test_empty_chunks_returns_empty_list PASSED   [ 14%]
tests/test_embed_hooks.py::test_tier2_calls_llm_once_per_chunk PASSED    [ 14%]
tests/test_embed_hooks.py::test_tier2_context_prepended_to_chunk PASSED  [ 15%]
tests/test_embed_hooks.py::test_tier2_context_chars_truncates_full_text PASSED [ 16%]
tests/test_embed_hooks.py::test_custom_hook_is_called_with_batch_signature PASSED [ 16%]
tests/test_embed_hooks.py::test_custom_hook_receives_meta_and_config PASSED [ 17%]
tests/test_embed_hooks.py::test_custom_hook_takes_precedence_over_situation_model PASSED [ 17%]
tests/test_embed_hooks.py::test_missing_hook_file_falls_back_to_tier1 PASSED [ 18%]
tests/test_embed_hooks.py::test_hook_missing_function_falls_back_to_tier1 PASSED [ 18%]
tests/test_embed_hooks.py::test_hook_syntax_error_falls_back_to_tier1 PASSED [ 19%]
tests/test_embed_hooks.py::test_hook_runtime_error_at_import_falls_back PASSED [ 19%]
tests/test_embed_hooks.py::test_hook_file_loaded_only_once PASSED        [ 20%]
tests/test_embed_hooks.py::test_no_file_cache_state PASSED               [ 20%]
tests/test_embedder_client.py::test_infinity_embedder_context_manager PASSED [ 21%]
tests/test_embedder_client.py::test_infinity_embedder_aclose_uses_close PASSED [ 21%]
tests/test_embedder_client.py::test_infinity_embedder_health_check PASSED [ 22%]
tests/test_evaluator.py::test_all_files_missing_returns_early PASSED     [ 22%]
tests/test_evaluator.py::test_split_mismatch_returns_early PASSED        [ 23%]
tests/test_evaluator.py::test_entries_without_split_field_default_to_test PASSED [ 24%]
tests/test_evaluator.py::test_split_filtering[test-1] PASSED             [ 24%]
tests/test_evaluator.py::test_split_filtering[validation-1] PASSED       [ 25%]
tests/test_evaluator.py::test_split_filtering[all-2] PASSED              [ 25%]
tests/test_evaluator.py::test_code_test_split_selects_by_tag PASSED      [ 26%]
tests/test_evaluator.py::test_dataset_dataframe_has_required_columns PASSED [ 26%]
tests/test_evaluator.py::test_run_experiment_called_once_per_yaml_experiment PASSED [ 27%]
tests/test_evaluator.py::test_falls_back_to_get_dataset_when_create_fails PASSED [ 27%]
tests/test_evaluator.py::test_yaml_model_fields_override_env_config PASSED [ 28%]
tests/test_evaluator.py::test_missing_golden_dataset_exits PASSED        [ 28%]
tests/test_evaluator.py::test_missing_experiments_yaml_exits PASSED      [ 29%]
tests/test_evaluator.py::test_phoenix_unreachable_exits PASSED           [ 29%]
tests/test_evaluator.py::test_run_evals_delegates_to_run_scientific_evaluation PASSED [ 30%]
tests/test_extraction_strategies.py::TestFallbackParsing::test_fallback_parse_valid_json PASSED [ 31%]
tests/test_extraction_strategies.py::TestFallbackParsing::test_fallback_parse_escaped_quotes PASSED [ 31%]
tests/test_extraction_strategies.py::TestFallbackParsing::test_fallback_parse_missing_commas PASSED [ 32%]
tests/test_extraction_strategies.py::TestFallbackParsing::test_fallback_parse_trailing_comma PASSED [ 32%]
tests/test_extraction_strategies.py::TestFallbackParsing::test_fallback_parse_non_string_values PASSED [ 33%]
tests/test_extraction_strategies.py::TestFallbackParsing::test_fallback_parse_null_values PASSED [ 33%]
tests/test_extraction_strategies.py::TestFallbackParsing::test_fallback_parse_completely_invalid PASSED [ 34%]
tests/test_extraction_strategies.py::TestStructuredOutputStrategy::test_extract_successful_json PASSED [ 34%]
tests/test_extraction_strategies.py::TestStructuredOutputStrategy::test_extract_malformed_json_fallback PASSED [ 35%]
tests/test_extraction_strategies.py::TestStructuredOutputStrategy::test_extract_missing_fields PASSED [ 35%]
tests/test_extraction_strategies.py::TestStructuredOutputStrategy::test_extract_empty_response PASSED [ 36%]
tests/test_extraction_strategies.py::TestNuExtractStrategy::test_extract_successful PASSED [ 36%]
tests/test_extraction_strategies.py::TestNuExtractStrategy::test_extract_missing_template_fields PASSED [ 37%]
tests/test_extraction_strategies.py::TestNuExtractStrategy::test_extract_malformed_json_retry PASSED [ 37%]
tests/test_extraction_strategies.py::TestDateFieldValidation::test_valid_iso_date PASSED [ 38%]
tests/test_extraction_strategies.py::TestDateFieldValidation::test_iso_datetime_stripped_to_date PASSED [ 39%]
tests/test_extraction_strategies.py::TestDateFieldValidation::test_invalid_date_preserved PASSED [ 39%]
tests/test_metrics.py::TestCorrespondent::test_both_null PASSED          [ 40%]
tests/test_metrics.py::TestCorrespondent::test_expected_null_actual_value PASSED [ 40%]
tests/test_metrics.py::TestCorrespondent::test_expected_value_actual_null PASSED [ 41%]
tests/test_metrics.py::TestCorrespondent::test_exact_match_case_insensitive PASSED [ 41%]
tests/test_metrics.py::TestCorrespondent::test_exact_match_with_suffix_removal PASSED [ 42%]
tests/test_metrics.py::TestCorrespondent::test_abbreviation_normalization PASSED [ 42%]
tests/test_metrics.py::TestCorrespondent::test_fuzzy_match_word_reorder PASSED [ 43%]
tests/test_metrics.py::TestCorrespondent::test_partial_match PASSED      [ 43%]
tests/test_metrics.py::TestDate::test_both_null PASSED                   [ 44%]
tests/test_metrics.py::TestDate::test_expected_null_actual_value PASSED  [ 44%]
tests/test_metrics.py::TestDate::test_exact_match PASSED                 [ 45%]
tests/test_metrics.py::TestDate::test_close_match_one_day PASSED         [ 45%]
tests/test_metrics.py::TestDate::test_one_year_difference PASSED         [ 46%]
tests/test_metrics.py::TestDate::test_half_year_difference PASSED        [ 47%]
tests/test_metrics.py::TestDate::test_invalid_date_string PASSED         [ 47%]
tests/test_metrics.py::TestTitle::test_no_expected_contains PASSED       [ 48%]
tests/test_metrics.py::TestTitle::test_empty_expected_contains PASSED    [ 48%]
tests/test_metrics.py::TestTitle::test_expected_no_actual PASSED         [ 49%]
tests/test_metrics.py::TestTitle::test_substring_match PASSED            [ 49%]
tests/test_metrics.py::TestTitle::test_no_substring_match PASSED         [ 50%]
tests/test_metrics.py::TestTitle::test_case_insensitive_substring PASSED [ 50%]
tests/test_metrics.py::TestAggregates::test_perfect_scores PASSED        [ 51%]
tests/test_metrics.py::TestAggregates::test_mixed_scores PASSED          [ 51%]
tests/test_metrics.py::TestAggregates::test_null_precision_and_recall PASSED [ 52%]
tests/test_metrics.py::TestAggregates::test_empty_input PASSED           [ 52%]
tests/test_niquests_api_compatibility.py::test_niquests_async_session_close_method PASSED [ 53%]
tests/test_niquests_api_compatibility.py::test_niquests_async_get_with_allow_redirects PASSED [ 54%]
tests/test_niquests_api_compatibility.py::test_niquests_parameter_name_differences PASSED [ 54%]
tests/test_niquests_api_compatibility.py::test_niquests_session_aclose_should_be_close PASSED [ 55%]
tests/test_ocr_page_selection.py::test_short_doc_all_pages_selected PASSED [ 55%]
tests/test_ocr_page_selection.py::test_exactly_at_threshold_all_pages PASSED [ 56%]
tests/test_ocr_page_selection.py::test_default_config_long_doc PASSED    [ 56%]
tests/test_ocr_page_selection.py::test_original_spec_first4_last1 PASSED [ 57%]
tests/test_ocr_page_selection.py::test_indices_are_sorted PASSED         [ 57%]
tests/test_ocr_page_selection.py::test_no_duplicates_when_windows_overlap PASSED [ 58%]
tests/test_ocr_page_selection.py::test_no_duplicates_adjacent_windows PASSED [ 58%]
tests/test_ocr_page_selection.py::test_large_doc_disjoint_windows PASSED [ 59%]
tests/test_ocr_page_selection.py::test_single_page_doc PASSED            [ 59%]
tests/test_ocr_page_selection.py::test_first_pages_exceeds_total PASSED  [ 60%]
tests/test_ocr_page_selection.py::test_last_pages_exceeds_total PASSED   [ 60%]
tests/test_ocr_page_selection.py::test_threshold_zero_always_applies_limit PASSED [ 61%]
tests/test_ocr_page_selection.py::test_last_pages_zero PASSED            [ 62%]
tests/test_ocr_page_selection.py::test_first_pages_zero PASSED           [ 62%]
tests/test_ocr_page_selection.py::test_both_zero_selects_nothing PASSED  [ 63%]
tests/test_ocr_page_selection.py::test_very_large_threshold_never_limits PASSED [ 63%]
tests/test_paperless_client.py::test_paperless_client_context_manager PASSED [ 64%]
tests/test_paperless_client.py::test_paperless_client_api_calls_use_correct_parameters PASSED [ 64%]
tests/test_paperless_client.py::test_paperless_client_aclose_method_exists PASSED [ 65%]
tests/test_phase_b_pipeline.py::test_task_queues_enqueue_and_peek PASSED [ 65%]
tests/test_phase_b_pipeline.py::test_task_queues_remove PASSED           [ 66%]
tests/test_phase_b_pipeline.py::test_task_queues_pending_count PASSED    [ 66%]
tests/test_phase_b_pipeline.py::test_task_queues_deduplication PASSED    [ 67%]
tests/test_phase_b_pipeline.py::test_parse_tags_empty PASSED             [ 67%]
tests/test_phase_b_pipeline.py::test_parse_tags_comma_separated PASSED   [ 68%]
tests/test_phase_b_pipeline.py::test_route_to_stage_ocr PASSED           [ 68%]
tests/test_phase_b_pipeline.py::test_route_to_stage_metadata PASSED      [ 69%]
tests/test_phase_b_pipeline.py::test_route_to_stage_embed_explicit PASSED [ 70%]
tests/test_phase_b_pipeline.py::test_route_to_stage_embed_fallback PASSED [ 70%]
tests/test_phase_b_pipeline.py::test_route_to_stage_ocr_priority_over_embed PASSED [ 71%]
tests/test_phase_b_pipeline.py::test_route_to_stage_metadata_priority_over_embed PASSED [ 71%]
tests/test_phase_b_pipeline.py::test_ocr_batch_writes_content_and_transitions_tag PASSED [ 72%]
tests/test_phase_b_pipeline.py::test_ocr_batch_skips_missing_document PASSED [ 72%]
tests/test_phase_b_pipeline.py::test_ocr_batch_dry_run PASSED            [ 73%]
tests/test_phase_b_pipeline.py::test_metadata_batch_writes_metadata_and_transitions_tag PASSED [ 73%]
tests/test_phase_b_pipeline.py::test_metadata_batch_skips_empty_content PASSED [ 74%]
tests/test_phase_b_pipeline.py::test_metadata_batch_dry_run PASSED       [ 74%]
tests/test_phase_b_pipeline.py::test_embed_batch_upserts_qdrant_and_removes_tag PASSED [ 75%]
tests/test_phase_b_pipeline.py::test_embed_batch_skips_empty_content PASSED [ 75%]
tests/test_phase_b_pipeline.py::test_embed_batch_dry_run PASSED          [ 76%]
tests/test_phase_b_pipeline.py::test_full_phase_b_pipeline_sequential PASSED [ 77%]
tests/test_qwen_constraints.py::test_qwen_response_schema_support PASSED [ 77%]
tests/test_search.py::test_model_starts_none PASSED                      [ 78%]
tests/test_search.py::test_get_model_loads_on_first_call PASSED          [ 78%]
tests/test_search.py::test_get_model_reuses_instance PASSED              [ 79%]
tests/test_search.py::test_get_model_updates_last_used PASSED            [ 79%]
tests/test_search.py::test_get_model_logs_on_load PASSED                 [ 80%]
tests/test_search.py::test_get_model_does_not_log_on_second_call PASSED  [ 80%]
tests/test_search.py::test_embed_query_returns_embedding_result PASSED   [ 81%]
tests/test_search.py::test_embed_query_loads_model_lazily PASSED         [ 81%]
tests/test_search.py::test_embed_query_does_not_block_event_loop PASSED  [ 82%]
tests/test_search.py::test_idle_watcher_keeps_fresh_model PASSED         [ 82%]
tests/test_search.py::test_idle_watcher_unloads_stale_model PASSED       [ 83%]
tests/test_search.py::test_idle_watcher_calls_gc_collect PASSED          [ 83%]
tests/test_search.py::test_idle_watcher_logs_eviction PASSED             [ 84%]
tests/test_search.py::test_memory_lifecycle_allocate_and_free PASSED     [ 85%]
tests/test_search.py::test_search_missing_q_returns_422 PASSED           [ 85%]
tests/test_search.py::test_search_empty_string_returns_422 PASSED        [ 86%]
tests/test_search.py::test_search_returns_list PASSED                    [ 86%]
tests/test_search.py::test_search_respects_limit PASSED                  [ 87%]
tests/test_search.py::test_search_limit_too_large_returns_422 PASSED     [ 87%]
tests/test_search.py::test_search_deduplicates_chunks_across_same_doc PASSED [ 88%]
tests/test_webhook.py::test_webhook_health PASSED                        [ 88%]
tests/test_webhook.py::test_webhook_enqueues_from_doc_url PASSED         [ 89%]
tests/test_webhook.py::test_webhook_enqueues_from_deep_doc_url PASSED    [ 89%]
tests/test_webhook.py::test_webhook_enqueues_from_document_id_field PASSED [ 90%]
tests/test_webhook.py::test_webhook_enqueues_from_id_field PASSED        [ 90%]
tests/test_webhook.py::test_webhook_deduplicates_same_id PASSED          [ 91%]
tests/test_webhook.py::test_webhook_ignores_payload_without_id PASSED    [ 91%]
tests/test_webhook.py::test_webhook_rejects_non_json_body PASSED         [ 92%]
tests/test_webhook.py::test_webhook_rejects_missing_token PASSED         [ 93%]
tests/test_webhook.py::test_webhook_rejects_wrong_token PASSED           [ 93%]
tests/test_webhook.py::test_webhook_accepts_correct_token PASSED         [ 94%]
tests/test_webhook.py::test_webhook_health_reflects_pending_count PASSED [ 94%]
tests/test_webhook.py::test_webhook_routes_ocr_tag_to_ocr_queue PASSED   [ 95%]
tests/test_webhook.py::test_webhook_routes_metadata_tag_to_metadata_queue PASSED [ 95%]
tests/test_webhook.py::test_webhook_routes_embed_tag_to_embed_queue PASSED [ 96%]
tests/test_webhook.py::test_webhook_routes_no_ai_tag_to_embed_queue PASSED [ 96%]
tests/test_webhook.py::test_webhook_routes_no_tags_field_to_embed_queue PASSED [ 97%]
tests/test_webhook.py::test_webhook_ocr_tag_takes_priority_over_embed PASSED [ 97%]
tests/test_webhook.py::test_paperless_fires_webhook_on_document_added PASSED [ 98%]
tests/test_webhook.py::test_paperless_fires_webhook_on_document_updated PASSED [ 98%]
tests/test_webhook.py::test_document_updated_deduplicates_repeated_edits PASSED [ 99%]
tests/test_webhook.py::test_webhook_loop_broken_by_tag_removal PASSED    [100%]

=============================== warnings summary ===============================
tests/test_evaluator.py::test_all_files_missing_returns_early
  /usr/local/lib/python3.12/site-packages/phoenix/evals/__init__.py:3: DeprecationWarning: The phoenix.evals.templating module is deprecated and will be removed in a future version. Please use phoenix.evals.llm.prompts instead.
    from . import llm, metrics, templating, tracing, utils

-- Docs: https://docs.pytest.org/en/stable/how-to/capture-warnings.html
================== 187 passed, 1 warning in 99.54s (0:01:39) ===================

=== All tests passed! ===

=== Tearing down test environment ===
=== Teardown complete. All ephemeral storage wiped. ===
